[debug] [2026-07-20T14:39:57.500Z] ----------------------------------------------------------------------
[debug] [2026-07-20T14:39:57.501Z] Command:       /opt/homebrew/Cellar/node/26.3.0/bin/node /opt/homebrew/bin/firebase init
[debug] [2026-07-20T14:39:57.501Z] CLI Version:   15.24.0
[debug] [2026-07-20T14:39:57.501Z] Platform:      darwin
[debug] [2026-07-20T14:39:57.501Z] Node Version:  v26.3.0
[debug] [2026-07-20T14:39:57.501Z] Detected Agent: unknown
[debug] [2026-07-20T14:39:57.501Z] Time:          Mon Jul 20 2026 20:09:57 GMT+0530 (India Standard Time)
[debug] [2026-07-20T14:39:57.501Z] ----------------------------------------------------------------------
[debug] 
[debug] [2026-07-20T14:39:57.509Z] >>> [apiv2][query] GET https://firebase-public.firebaseio.com/cli.json [none]
[info] 
     ######## #### ########  ######## ########     ###     ######  ########
     ##        ##  ##     ## ##       ##     ##  ##   ##  ##       ##
     ######    ##  ########  ######   ########  #########  ######  ######
     ##        ##  ##    ##  ##       ##     ## ##     ##       ## ##
     ##       #### ##     ## ######## ########  ##     ##  ######  ########

You're about to initialize a Firebase project in this directory:

  /Users/sakthi-3766/Documents/Expense tracker

[debug] [2026-07-20T14:39:58.055Z] *** [apiv2] error from fetch(https://firebase-public.firebaseio.com/cli.json, {"headers":{},"method":"GET","dispatcher":{"_events":{},"_eventsCount":0}}): InvalidArgumentError: invalid onError method
[warn] ⚠  Unable to fetch the CLI MOTD and remote config. This is not a fatal error, but may indicate an issue with your network connection. 
[debug] [2026-07-20T14:39:58.055Z] Failed to fetch MOTD FirebaseError: Failed to make request to https://firebase-public.firebaseio.com/cli.json
[debug] [2026-07-20T14:40:35.290Z] ExitPromptError: User force closed the prompt with SIGINT
    at Interface.sigint (/opt/homebrew/lib/node_modules/firebase-tools/node_modules/@inquirer/core/dist/commonjs/lib/create-prompt.js:101:37)
    at Interface.emit (node:events:509:20)
    at [_ttyWrite] [as _ttyWrite] (node:internal/readline/interface:1327:18)
    at ReadStream.onkeypress (node:internal/readline/interface:284:20)
    at ReadStream.emit (node:events:521:24)
    at emitKeys (node:internal/readline/utils:371:14)
    at emitKeys.next (<anonymous>)
    at ReadStream.onData (node:internal/readline/emitKeypressEvents:64:36)
    at ReadStream.emit (node:events:509:20)
    at addChunk (node:internal/streams/readable:568:12)
[error] 
[error] Error: An unexpected error has occurred.
